$ git config --global user.name "Himanshu Dubey"  
mkdir filename
redir filename
touch index.html
vim index.html  for edating file enter i and ext by enterning esc key then  :wq
git init
ls -a
pwd
touch (to create file)
git status
git add imdex.html
git status
git rm --cached filename
git add .
git commit -m "code is uploaded"
git branch
git checkout filename
git diff index.html
touch .gitignore
vim .gitignore edit this file by adding  *.log  it will ignore all the files which has .log
git status
git .gitignore
git marge user-authentication
git status
git log
git tag v1.0.0 -m "v1 release"
git tag


MKN@DESKTOP-HBNR5T0 MINGW64 ~ (main)
$ pwd
/c/Users/MKN

MKN@DESKTOP-HBNR5T0 MINGW64 ~ (main)
$ name
bash: name: command not found

MKN@DESKTOP-HBNR5T0 MINGW64 ~ (main)
$ git list
git: 'list' is not a git command. See 'git --help'.

The most similar commands are
        bisect
        rev-list

MKN@DESKTOP-HBNR5T0 MINGW64 ~ (main)
$ git --help
usage: git [-v | --version] [-h | --help] [-C <path>] [-c <name>=<value>]
           [--exec-path[=<path>]] [--html-path] [--man-path] [--info-path]
           [-p | --paginate | -P | --no-pager] [--no-replace-objects] [--bare]
           [--git-dir=<path>] [--work-tree=<path>] [--namespace=<name>]
           [--config-env=<name>=<envvar>] <command> [<args>]

These are common Git commands used in various situations:

start a working area (see also: git help tutorial)
   clone     Clone a repository into a new directory
   init      Create an empty Git repository or reinitialize an existing one

work on the current change (see also: git help everyday)
   add       Add file contents to the index
   mv        Move or rename a file, a directory, or a symlink
   restore   Restore working tree files
   rm        Remove files from the working tree and from the index

examine the history and state (see also: git help revisions)
   bisect    Use binary search to find the commit that introduced a bug
   diff      Show changes between commits, commit and working tree, etc
   grep      Print lines matching a pattern
   log       Show commit logs
   show      Show various types of objects
   status    Show the working tree status

grow, mark and tweak your common history
   branch    List, create, or delete branches
   commit    Record changes to the repository
   merge     Join two or more development histories together
   rebase    Reapply commits on top of another base tip
   reset     Reset current HEAD to the specified state
   switch    Switch branches
   tag       Create, list, delete or verify a tag object signed with GPG

collaborate (see also: git help workflows)
   fetch     Download objects and refs from another repository
   pull      Fetch from and integrate with another repository or a local branch
   push      Update remote refs along with associated objects

'git help -a' and 'git help -g' list available subcommands and some
concept guides. See 'git help <command>' or 'git help <concept>'
to read about a specific subcommand or concept.
See 'git help git' for an overview of the system.

MKN@DESKTOP-HBNR5T0 MINGW64 ~ (main)
$ git config --global user.name
vijay Jangid

MKN@DESKTOP-HBNR5T0 MINGW64 ~ (main)
$ git config --global user.email
vijayjangid9w9186@gmail.com

MKN@DESKTOP-HBNR5T0 MINGW64 ~ (main)
$ git config --global user.name "vijay prakash jangid"

MKN@DESKTOP-HBNR5T0 MINGW64 ~ (main)
$ git config --global user.name
vijay prakash jangidadfasd

MKN@DESKTOP-HBNR5T0 MINGW64 ~ (main)
$ git confing user.name
git: 'confing' is not a git command. See 'git --help'.

The most similar command is
        config

MKN@DESKTOP-HBNR5T0 MINGW64 ~ (main)
$ git config user.name
vijay prakashasdf jangid

MKN@DESKTOP-HBNR5T0 MINGW64 ~ (main)
$ pwd
/c/Users/MKN

MKN@DESKTOP-HBNR5T0 MINGW64 ~ (main)
$ mkdir
mkdir: missing operand
Try 'mkdir --help' for more information.

MKN@DESKTOP-HBNR5T0 MINGW64 ~ (main)
$ mkdir Test

MKN@DESKTOP-HBNR5T0 MINGW64 ~ (main)
$ cd Test

MKN@DESKTOP-HBNR5T0 MINGW64 ~/Test (main)
$ cd..
bash: cd..: command not found

MKN@DESKTOP-HBNR5T0 MINGW64 ~/Test (main)
$ ../
bash: ../: Is a directory

MKN@DESKTOP-HBNR5T0 MINGW64 ~/Test (main)
$ touch index.html

MKN@DESKTOP-HBNR5T0 MINGW64 ~/Test (main)
$ ls
index.html

MKN@DESKTOP-HBNR5T0 MINGW64 ~/Test (main)
$ ^C

MKN@DESKTOP-HBNR5T0 MINGW64 ~/Test (main)
$ vim index.html

MKN@DESKTOP-HBNR5T0 MINGW64 ~/Test (main)
$ rm index.html

MKN@DESKTOP-HBNR5T0 MINGW64 ~/Test (main)
$ pwd
/c/Users/MKN/Test

MKN@DESKTOP-HBNR5T0 MINGW64 ~/Test (main)
$ cd ..

MKN@DESKTOP-HBNR5T0 MINGW64 ~ (main)
$ pwd
/c/Users/MKN

MKN@DESKTOP-HBNR5T0 MINGW64 ~ (main)
$ rmdir Test

MKN@DESKTOP-HBNR5T0 MINGW64 ~ (main)
$ ls
'3D Objects'/
 AndroidStudioProjects/
 AppData/
'Application Data'@
'BMI calculator'/
 Ball/
 BinBall/
 Contacts/
 Cookies@
 Desktop/
 Documents/
 Downloads/
 Favorites/
 IntelGraphicsProfiles/
 Links/
'Local Settings'@
 LoginPage/
 Money/
 Music/
'My Documents'@
 NTUSER.DAT
 NTUSER.DAT{53b39e88-18c4-11ea-a811-000d3aa4692b}.TM.blf
 NTUSER.DAT{53b39e88-18c4-11ea-a811-000d3aa4692b}.TMContainer00000000000000000001.regtrans-ms
 NTUSER.DAT{53b39e88-18c4-11ea-a811-000d3aa4692b}.TMContainer00000000000000000002.regtrans-ms
 NetHood@
 OneDrive/
 Pictures/
 Poor/
 Postman/
 PrintHood@
 Quizzler/
 README.md
 Recent@
'Saved Games'/
 Searches/
 SendTo@
'Start Menu'@
 Templates@
 Tracing/
 Videos/
 Zoom-clone-with-flutter-and-firebase-main/
 Zoom-clone-with-flutter-and-firebase-main.zip
 amazon_clone/
 bmi_calculator/
 clima/
 dicee-flutter/
 ev_stations_map_showcase/
 ev_vehicle/
 evc_google_maps_demo/
 firebase_setup/
 flash_chat/
 flutter/
 flutter-amazon-clone-tutorial/
 flutter-zoom-clone/
 flutter_firebase_auth/
 flutter_firebase_login/
 flutter_windows_3.10.1-stable/
 flutter_windows_3.10.1-stable.zip
 flutterfirebase/
 iSangeet/
 i_am_rich/
 java_error_in_studio64.hprof
 login_page/
'magic ball'/
 magic-8-ball-flutter/
 mi_card_flutter/
 ntuser.dat.LOG1
 ntuser.dat.LOG2
 ntuser.ini
 onWay/
 phone_otp1/
 signup_page/
 untitled/
 untitled1/
 untitled2/
 voice_assistant/
 xylophone/

MKN@DESKTOP-HBNR5T0 MINGW64 ~ (main)
$ cd Test
bash: cd: Test: No such file or directory

MKN@DESKTOP-HBNR5T0 MINGW64 ~ (main)
$ mkdir repos

MKN@DESKTOP-HBNR5T0 MINGW64 ~ (main)
$ cd repos/

MKN@DESKTOP-HBNR5T0 MINGW64 ~/repos (main)
$ mkdir MyGirRepo

MKN@DESKTOP-HBNR5T0 MINGW64 ~/repos (main)
$ cd MyGitRepo
bash: cd: MyGitRepo: No such file or directory

MKN@DESKTOP-HBNR5T0 MINGW64 ~/repos (main)
$ cd MyGitRepo/
bash: cd: MyGitRepo/: No such file or directory

MKN@DESKTOP-HBNR5T0 MINGW64 ~/repos (main)
$ mkdir MyGitRepo

MKN@DESKTOP-HBNR5T0 MINGW64 ~/repos (main)
$ cd MyGitRepo/

MKN@DESKTOP-HBNR5T0 MINGW64 ~/repos/MyGitRepo (main)
$ git init
Initialized empty Git repository in C:/Users/MKN/repos/MyGitRepo/.git/

MKN@DESKTOP-HBNR5T0 MINGW64 ~/repos/MyGitRepo (master)
$ ls

MKN@DESKTOP-HBNR5T0 MINGW64 ~/repos/MyGitRepo (master)
$ ls -a
./  ../  .git/

MKN@DESKTOP-HBNR5T0 MINGW64 ~/repos/MyGitRepo (master)
$ pwd
/c/Users/MKN/repos/MyGitRepo

MKN@DESKTOP-HBNR5T0 MINGW64 ~/repos/MyGitRepo (master)
$ touch index.html

MKN@DESKTOP-HBNR5T0 MINGW64 ~/repos/MyGitRepo (master)
$ touch styles.css

MKN@DESKTOP-HBNR5T0 MINGW64 ~/repos/MyGitRepo (master)
$ git status
On branch master

No commits yet

Untracked files:
  (use "git add <file>..." to include in what will be committed)
        index.html
        styles.css

nothing added to commit but untracked files present (use "git add" to track)

MKN@DESKTOP-HBNR5T0 MINGW64 ~/repos/MyGitRepo (master)
$ git add inde.html
fatal: pathspec 'inde.html' did not match any files

MKN@DESKTOP-HBNR5T0 MINGW64 ~/repos/MyGitRepo (master)
$ git add index.html

MKN@DESKTOP-HBNR5T0 MINGW64 ~/repos/MyGitRepo (master)
$ git  statua
git: 'statua' is not a git command. See 'git --help'.

The most similar command is
        status

MKN@DESKTOP-HBNR5T0 MINGW64 ~/repos/MyGitRepo (master)
$ git status
On branch master

No commits yet

Changes to be committed:
  (use "git rm --cached <file>..." to unstage)
        new file:   index.html

Untracked files:
  (use "git add <file>..." to include in what will be committed)
        styles.css


MKN@DESKTOP-HBNR5T0 MINGW64 ~/repos/MyGitRepo (master)
$ git rm --cached index.html
rm 'index.html'

MKN@DESKTOP-HBNR5T0 MINGW64 ~/repos/MyGitRepo (master)
$ git status
On branch master

No commits yet

Untracked files:
  (use "git add <file>..." to include in what will be committed)
        index.html
        styles.css

nothing added to commit but untracked files present (use "git add" to track)

MKN@DESKTOP-HBNR5T0 MINGW64 ~/repos/MyGitRepo (master)
$ git add .

MKN@DESKTOP-HBNR5T0 MINGW64 ~/repos/MyGitRepo (master)
$ git status
On branch master

No commits yet

Changes to be committed:
  (use "git rm --cached <file>..." to unstage)
        new file:   index.html
        new file:   styles.css


MKN@DESKTOP-HBNR5T0 MINGW64 ~/repos/MyGitRepo (master)
$ ls -a
./  ../  .git/  index.html  styles.css

MKN@DESKTOP-HBNR5T0 MINGW64 ~/repos/MyGitRepo (master)
$ git status
On branch master

No commits yet

Changes to be committed:
  (use "git rm --cached <file>..." to unstage)
        new file:   index.html
        new file:   styles.css


MKN@DESKTOP-HBNR5T0 MINGW64 ~/repos/MyGitRepo (master)
$ git commit -m "files are commited"
[master (root-commit) 149268b] files are commited
 2 files changed, 0 insertions(+), 0 deletions(-)
 create mode 100644 index.html
 create mode 100644 styles.css

MKN@DESKTOP-HBNR5T0 MINGW64 ~/repos/MyGitRepo (master)
$ git log
commit 149268be7890e42cc8b1aebfc4fc056e94d0d4a2 (HEAD -> master)
Author: vijay prakash jangid <vijayjangid186@gmail.com>
Date:   Fri Jul 28 12:00:39 2023 +0530

    files are commited

MKN@DESKTOP-HBNR5T0 MINGW64 ~/repos/MyGitRepo (master)
$ git log origin only
fatal: ambiguous argument 'origin': unknown revision or path not in the working tree.
Use '--' to separate paths from revisions, like this:
'git <command> [<revision>...] -- [<file>...]'

MKN@DESKTOP-HBNR5T0 MINGW64 ~/repos/MyGitRepo (master)
$ git log --origin
fatal: unrecognized argument: --origin

MKN@DESKTOP-HBNR5T0 MINGW64 ~/repos/MyGitRepo (master)
$ git log
commit 149268be7890e42cc8b1aebfc4fc056e94d0d4a2 (HEAD -> master)
Author: vijay prakash jangid <vijayjangid186@gmail.com>
Date:   Fri Jul 28 12:00:39 2023 +0530

    files are commited

MKN@DESKTOP-HBNR5T0 MINGW64 ~/repos/MyGitRepo (master)
$ git branch
* master

MKN@DESKTOP-HBNR5T0 MINGW64 ~/repos/MyGitRepo (master)
$ git branch user-authentication

MKN@DESKTOP-HBNR5T0 MINGW64 ~/repos/MyGitRepo (master)
$ git branch
* master
  user-authentication

MKN@DESKTOP-HBNR5T0 MINGW64 ~/repos/MyGitRepo (master)
$ git checkout user-authentication
Switched to branch 'user-authentication'

MKN@DESKTOP-HBNR5T0 MINGW64 ~/repos/MyGitRepo (user-authentication)
$ git branch
  master
* user-authentication

MKN@DESKTOP-HBNR5T0 MINGW64 ~/repos/MyGitRepo (user-authentication)
$ touch auth.js

MKN@DESKTOP-HBNR5T0 MINGW64 ~/repos/MyGitRepo (user-authentication)
$ vim index.html

MKN@DESKTOP-HBNR5T0 MINGW64 ~/repos/MyGitRepo (user-authentication)
$ git status
On branch user-authentication
Changes not staged for commit:
  (use "git add <file>..." to update what will be committed)
  (use "git restore <file>..." to discard changes in working directory)
        modified:   index.html

Untracked files:
  (use "git add <file>..." to include in what will be committed)
        auth.js

no changes added to commit (use "git add" and/or "git commit -a")

MKN@DESKTOP-HBNR5T0 MINGW64 ~/repos/MyGitRepo (user-authentication)
$ ^Ct

MKN@DESKTOP-HBNR5T0 MINGW64 ~/repos/MyGitRepo (user-authentication)
$ git diff index.html
warning: in the working copy of 'index.html', LF will be replaced by CRLF the next time Git touches it
diff --git a/index.html b/index.html
index e69de29..32aa343 100644
--- a/index.html
+++ b/index.html
@@ -0,0 +1 @@
+<!-- This is a comment. -->

MKN@DESKTOP-HBNR5T0 MINGW64 ~/repos/MyGitRepo (user-authentication)
$ git diff
warning: in the working copy of 'index.html', LF will be replaced by CRLF the next time Git touches it
diff --git a/index.html b/index.html
index e69de29..32aa343 100644
--- a/index.html
+++ b/index.html
@@ -0,0 +1 @@
+<!-- This is a comment. -->

MKN@DESKTOP-HBNR5T0 MINGW64 ~/repos/MyGitRepo (user-authentication)
$ ^C

MKN@DESKTOP-HBNR5T0 MINGW64 ~/repos/MyGitRepo (user-authentication)
$ touch MyApp.log

MKN@DESKTOP-HBNR5T0 MINGW64 ~/repos/MyGitRepo (user-authentication)
$ git status
On branch user-authentication
Changes not staged for commit:
  (use "git add <file>..." to update what will be committed)
  (use "git restore <file>..." to discard changes in working directory)
        modified:   index.html

Untracked files:
  (use "git add <file>..." to include in what will be committed)
        MyApp.log
        auth.js

no changes added to commit (use "git add" and/or "git commit -a")

MKN@DESKTOP-HBNR5T0 MINGW64 ~/repos/MyGitRepo (user-authentication)
$ touch Device.log

MKN@DESKTOP-HBNR5T0 MINGW64 ~/repos/MyGitRepo (user-authentication)
$ git status
On branch user-authentication
Changes not staged for commit:
  (use "git add <file>..." to update what will be committed)
  (use "git restore <file>..." to discard changes in working directory)
        modified:   index.html

Untracked files:
  (use "git add <file>..." to include in what will be committed)
        Device.log
        MyApp.log
        auth.js

no changes added to commit (use "git add" and/or "git commit -a")

MKN@DESKTOP-HBNR5T0 MINGW64 ~/repos/MyGitRepo (user-authentication)
$ touch .gitignore

MKN@DESKTOP-HBNR5T0 MINGW64 ~/repos/MyGitRepo (user-authentication)
$ vim .gitignore

MKN@DESKTOP-HBNR5T0 MINGW64 ~/repos/MyGitRepo (user-authentication)
$ git status
On branch user-authentication
Changes not staged for commit:
  (use "git add <file>..." to update what will be committed)
  (use "git restore <file>..." to discard changes in working directory)
        modified:   index.html

Untracked files:
  (use "git add <file>..." to include in what will be committed)
        .gitignore
        auth.js

no changes added to commit (use "git add" and/or "git commit -a")

MKN@DESKTOP-HBNR5T0 MINGW64 ~/repos/MyGitRepo (user-authentication)
$ git add .gitignore
warning: in the working copy of '.gitignore', LF will be replaced by CRLF the next time Git touches it

MKN@DESKTOP-HBNR5T0 MINGW64 ~/repos/MyGitRepo (user-authentication)
$ git status
On branch user-authentication
Changes to be committed:
  (use "git restore --staged <file>..." to unstage)
        new file:   .gitignore

Changes not staged for commit:
  (use "git add <file>..." to update what will be committed)
  (use "git restore <file>..." to discard changes in working directory)
        modified:   index.html

Untracked files:
  (use "git add <file>..." to include in what will be committed)
        auth.js


MKN@DESKTOP-HBNR5T0 MINGW64 ~/repos/MyGitRepo (user-authentication)
$ git commit -m "add .gitignore"
[user-authentication 53b0fd0] add .gitignore
 1 file changed, 2 insertions(+)
 create mode 100644 .gitignore

MKN@DESKTOP-HBNR5T0 MINGW64 ~/repos/MyGitRepo (user-authentication)
$ git add .
warning: in the working copy of 'index.html', LF will be replaced by CRLF the next time Git touches it

MKN@DESKTOP-HBNR5T0 MINGW64 ~/repos/MyGitRepo (user-authentication)
$ git status
On branch user-authentication
Changes to be committed:
  (use "git restore --staged <file>..." to unstage)
        new file:   auth.js
        modified:   index.html


MKN@DESKTOP-HBNR5T0 MINGW64 ~/repos/MyGitRepo (user-authentication)
$ git commit -m "Complete user authentication"
[user-authentication 4bf943d] Complete user authentication
 2 files changed, 1 insertion(+)
 create mode 100644 auth.js

MKN@DESKTOP-HBNR5T0 MINGW64 ~/repos/MyGitRepo (user-authentication)
$ git status
On branch user-authentication
nothing to commit, working tree clean

MKN@DESKTOP-HBNR5T0 MINGW64 ~/repos/MyGitRepo (user-authentication)
$ git checkout master
Switched to branch 'master'

MKN@DESKTOP-HBNR5T0 MINGW64 ~/repos/MyGitRepo (master)
$ git merge user-authentication
Updating 149268b..4bf943d
Fast-forward
 .gitignore | 2 ++
 auth.js    | 0
 index.html | 1 +
 3 files changed, 3 insertions(+)
 create mode 100644 .gitignore
 create mode 100644 auth.js

MKN@DESKTOP-HBNR5T0 MINGW64 ~/repos/MyGitRepo (master)
$ git status
On branch master
nothing to commit, working tree clean

MKN@DESKTOP-HBNR5T0 MINGW64 ~/repos/MyGitRepo (master)
$ git log
commit 4bf943de7b3ac9ef77bbc785003ee6df343af98d (HEAD -> master, user-authentication)
Author: vijay prakash jangid <vijayjangid186@gmail.com>
Date:   Fri Jul 28 13:06:37 2023 +0530

    Complete user authentication

commit 53b0fd0b2cfc0aeee33fd18da7d47d186b56e477
Author: vijay prakash jangid <vijayjangid186@gmail.com>
Date:   Fri Jul 28 13:05:15 2023 +0530

    add .gitignore

commit 149268be7890e42cc8b1aebfc4fc056e94d0d4a2
Author: vijay prakash jangid <vijayjangid186@gmail.com>
Date:   Fri Jul 28 12:00:39 2023 +0530

    files are commited

MKN@DESKTOP-HBNR5T0 MINGW64 ~/repos/MyGitRepo (master)
$ git tag -a v1.0.0 -m "Version 1.0.0 is release"

MKN@DESKTOP-HBNR5T0 MINGW64 ~/repos/MyGitRepo (master)
$ v1.0.0
bash: v1.0.0: command not found

MKN@DESKTOP-HBNR5T0 MINGW64 ~/repos/MyGitRepo (master)
$ git tag
v1.0.0

MKN@DESKTOP-HBNR5T0 MINGW64 ~/repos/MyGitRepo (master)
$
